
Dell@DESKTOP-R0GOBD3 MINGW64 ~ (master)
$ git config --global user.name "sheebaking79"

Dell@DESKTOP-R0GOBD3 MINGW64 ~ (master)
$ git config --global user.email "sheebaking79@gmail.com"

Dell@DESKTOP-R0GOBD3 MINGW64 ~ (master)
$  cd "E:\GITLOCALREPOSITARY"

Dell@DESKTOP-R0GOBD3 MINGW64 /e/GITLOCALREPOSITARY
$
Dell@DESKTOP-R0GOBD3 MINGW64 ~ (master)
$ git config --global user.name "sheebaking79"

Dell@DESKTOP-R0GOBD3 MINGW64 ~ (master)
$ git config --global user.email "sheebaking79@gmail.com"

Dell@DESKTOP-R0GOBD3 MINGW64 ~ (master)
$  cd "E:\GITLOCALREPOSITARY"

Dell@DESKTOP-R0GOBD3 MINGW64 /e/GITLOCALREPOSITARY
$
^C

Dell@DESKTOP-R0GOBD3 MINGW64 /e/GITLOCALREPOSITARY
$ cd lab22
bash: cd: lab22: No such file or directory

Dell@DESKTOP-R0GOBD3 MINGW64 /e/GITLOCALREPOSITARY
$ cd lab1

Dell@DESKTOP-R0GOBD3 MINGW64 /e/GITLOCALREPOSITARY/lab1 (master)
$ git add first.py
fatal: pathspec 'first.py' did not match any files

Dell@DESKTOP-R0GOBD3 MINGW64 /e/GITLOCALREPOSITARY/lab1 (master)
$ git add hello.py

Dell@DESKTOP-R0GOBD3 MINGW64 /e/GITLOCALREPOSITARY/lab1 (master)
$ git commit -m "Initial version to display text message on console"
[master 16e7495] Initial version to display text message on console
 1 file changed, 2 insertions(+), 1 deletion(-)

Dell@DESKTOP-R0GOBD3 MINGW64 /e/GITLOCALREPOSITARY/lab1 (master)
$ git remote add origin https://github.com/sheebaking79/Lab1.git
error: remote origin already exists.

Dell@DESKTOP-R0GOBD3 MINGW64 /e/GITLOCALREPOSITARY/lab1 (master)
$ ^C

Dell@DESKTOP-R0GOBD3 MINGW64 /e/GITLOCALREPOSITARY/lab1 (master)
$ git remote set-url origin https://github.com/sheebaking79/Lab1.git

Dell@DESKTOP-R0GOBD3 MINGW64 /e/GITLOCALREPOSITARY/lab1 (master)
$ git push --set-upstream origin master
fatal: bad boolean config value 'always' for 'push.autosetupremote'

Dell@DESKTOP-R0GOBD3 MINGW64 /e/GITLOCALREPOSITARY/lab1 (master)
$ ^C

Dell@DESKTOP-R0GOBD3 MINGW64 /e/GITLOCALREPOSITARY/lab1 (master)
$ git remote remove origin

Dell@DESKTOP-R0GOBD3 MINGW64 /e/GITLOCALREPOSITARY/lab1 (master)
$ git remote add origin https://github.com/sheebaking79/Lab1.git

Dell@DESKTOP-R0GOBD3 MINGW64 /e/GITLOCALREPOSITARY/lab1 (master)
$ git push --set-upstream origin master
fatal: bad boolean config value 'always' for 'push.autosetupremote'

Dell@DESKTOP-R0GOBD3 MINGW64 /e/GITLOCALREPOSITARY/lab1 (master)
$ ^C

Dell@DESKTOP-R0GOBD3 MINGW64 /e/GITLOCALREPOSITARY/lab1 (master)
$ git config --global push.autosetupremote true

Dell@DESKTOP-R0GOBD3 MINGW64 /e/GITLOCALREPOSITARY/lab1 (master)
$ git push --set-upstream origin master
info: please complete authentication in your browser...
Enumerating objects: 6, done.
Counting objects: 100% (6/6), done.
Delta compression using up to 4 threads
Compressing objects: 100% (3/3), done.
Writing objects: 100% (6/6), 526 bytes | 43.00 KiB/s, done.
Total 6 (delta 0), reused 0 (delta 0), pack-reused 0 (from 0)
To https://github.com/sheebaking79/Lab1.git
 * [new branch]      master -> master
branch 'master' set up to track 'origin/master'.

Dell@DESKTOP-R0GOBD3 MINGW64 /e/GITLOCALREPOSITARY/lab1 (master)
$ ^C
